// Jest Snapshot v1, https://goo.gl/fbAQLP

exports[`Snapshot test for Calculator component 1`] = `
<div
  className="calculator"
>
  <div
    className="display-container"
  >
    <p
      className="display-value"
    >
      0
    </p>
  </div>
  <div
    className="btn-panel"
  >
    <div
      className="btn-group"
    >
      <button
        onClick={[Function]}
        type="button"
      >
        AC
      </button>
      <button
        onClick={[Function]}
        type="button"
      >
        +/-
      </button>
      <button
        onClick={[Function]}
        type="button"
      >
        %
      </button>
      <button
        onClick={[Function]}
        type="button"
      >
        รท
      </button>
    </div>
    <div
      className="btn-group"
    >
      <button
        onClick={[Function]}
        type="button"
      >
        7
      </button>
      <button
        onClick={[Function]}
        type="button"
      >
        8
      </button>
      <button
        onClick={[Function]}
        type="button"
      >
        9
      </button>
      <button
        onClick={[Function]}
        type="button"
      >
        *
      </button>
    </div>
    <div
      className="btn-group"
    >
      <button
        onClick={[Function]}
        type="button"
      >
        4
      </button>
      <button
        onClick={[Function]}
        type="button"
      >
        5
      </button>
      <button
        onClick={[Function]}
        type="button"
      >
        6
      </button>
      <button
        onClick={[Function]}
        type="button"
      >
        -
      </button>
    </div>
    <div
      className="btn-group"
    >
      <button
        onClick={[Function]}
        type="button"
      >
        1
      </button>
      <button
        onClick={[Function]}
        type="button"
      >
        2
      </button>
      <button
        onClick={[Function]}
        type="button"
      >
        3
      </button>
      <button
        onClick={[Function]}
        type="button"
      >
        +
      </button>
    </div>
    <div
      className="btn-group last"
    >
      <button
        onClick={[Function]}
        type="button"
      >
        0
      </button>
      <button
        onClick={[Function]}
        type="button"
      >
        .
      </button>
      <button
        onClick={[Function]}
        type="button"
      >
        =
      </button>
    </div>
  </div>
</div>
`;
