// Jest Snapshot v1, https://goo.gl/fbAQLP

exports[`Snapshot test for Home component 1`] = `
<div
  className="container"
>
  <h1>
    Welcome to Our Page
  </h1>
  <p>
    Warm greetings from the creators of the Math Magicians Application
  </p>
  <p>
    We are thrilled to have you stop by an do some work here. Thank you for your time.
  </p>
</div>
`;
