// Jest Snapshot v1, https://goo.gl/fbAQLP

exports[`Matches Snapshot for Quote component 1`] = `
<div
  className="container"
>
  <p>
    Mathematics is not about numbers, equations, computations, or algorithms:
  </p>
  <p>
    it is about understanding. -William Paul Thurston
  </p>
</div>
`;
